yarn run v1.22.22
$ react-scripts start
Something is already running on port 3000.
Done in 1.79s.
